/**
 * 
 * List employees
 */
export function listEmployees(engine, params) {
  let text = "";
  const args = [];
  const ctx0 = { ...params };
  text += "select* from employee where";
  if (sandbox(employeeId != null)) {
    text += "\n  employee_id= :employeeId  and employee_id= :employeeId  ";
    if (sandbox(employeeName != null)) {
      text += "\n    and employee_name in :employeeId    or employee_name LIKE :employeeName  /*#elsif employeeName === \"test\"*/\n    and    employee_name= :employeeId    or    employee_name={#= \"'\"+ employeeName+ \"'\"}  ";
    } else {
      text += "\n    and    employee_name is null  ";
    }
    text += "\n\n  and(  ";
    (employeeTypes).forEach((employeeType) => {
      const ctx1 = {...ctx0, employeeType};
      text += "\n    or employee_type= :employeeType  ";
    })
    text += "\n  )";
  }
  return engine.execute(text, args);
}

